--------------------------------------------------------------------------------------
Timing Analyzer Summary
--------------------------------------------------------------------------------------

Type           : Worst-case tsu
Slack          : N/A
Required Time  : None
Actual Time    : 5.848 ns
From           : noisy[11]
To             : debounce:d11|count[18]
From Clock     : --
To Clock       : clk
Failed Paths   : 0

Type           : Worst-case tco
Slack          : N/A
Required Time  : None
Actual Time    : 105.236 ns
From           : mode[3]
To             : seg5[0]
From Clock     : clk
To Clock       : --
Failed Paths   : 0

Type           : Worst-case th
Slack          : N/A
Required Time  : None
Actual Time    : 1.388 ns
From           : noisy[7]
To             : debounce:d7|xnew
From Clock     : --
To Clock       : clk
Failed Paths   : 0

Type           : Clock Setup: 'clksrc:clksrc1|altpll:altpll_component|_clk0'
Slack          : 16.725 ns
Required Time  : 32.00 MHz ( period = 31.250 ns )
Actual Time    : 68.85 MHz ( period = 14.525 ns )
From           : modelimit[1]
To             : modedata[4][11]
From Clock     : clksrc:clksrc1|altpll:altpll_component|_clk0
To Clock       : clksrc:clksrc1|altpll:altpll_component|_clk0
Failed Paths   : 0

Type           : Clock Hold: 'clksrc:clksrc1|altpll:altpll_component|_clk0'
Slack          : 0.391 ns
Required Time  : 32.00 MHz ( period = 31.250 ns )
Actual Time    : N/A
From           : modedata[0][26]
To             : modedata[0][26]
From Clock     : clksrc:clksrc1|altpll:altpll_component|_clk0
To Clock       : clksrc:clksrc1|altpll:altpll_component|_clk0
Failed Paths   : 0

Type           : Total number of failed paths
Slack          : 
Required Time  : 
Actual Time    : 
From           : 
To             : 
From Clock     : 
To Clock       : 
Failed Paths   : 0

--------------------------------------------------------------------------------------

