--------------------------------------------------------------------------------------
Timing Analyzer Summary
--------------------------------------------------------------------------------------

Type           : Worst-case tsu
Slack          : N/A
Required Time  : None
Actual Time    : 5.216 ns
From           : button
To             : buttoncount[1]
From Clock     : --
To Clock       : clk
Failed Paths   : 0

Type           : Worst-case tco
Slack          : N/A
Required Time  : None
Actual Time    : 21.409 ns
From           : mode[0]
To             : seg3[6]
From Clock     : clk
To Clock       : --
Failed Paths   : 0

Type           : Worst-case th
Slack          : N/A
Required Time  : None
Actual Time    : -3.553 ns
From           : stop_button
To             : stop_oneshot:stop_oneshot1|b.11
From Clock     : --
To Clock       : clk
Failed Paths   : 0

Type           : Clock Setup: 'clksrc:clksrc1|altpll:altpll_component|_clk0'
Slack          : 20.992 ns
Required Time  : 32.00 MHz ( period = 31.250 ns )
Actual Time    : 97.48 MHz ( period = 10.258 ns )
From           : mode[0]
To             : mode[2]
From Clock     : clksrc:clksrc1|altpll:altpll_component|_clk0
To Clock       : clksrc:clksrc1|altpll:altpll_component|_clk0
Failed Paths   : 0

Type           : Clock Hold: 'clksrc:clksrc1|altpll:altpll_component|_clk0'
Slack          : 0.391 ns
Required Time  : 32.00 MHz ( period = 31.250 ns )
Actual Time    : N/A
From           : greenman:greenman1|mode
To             : greenman:greenman1|mode
From Clock     : clksrc:clksrc1|altpll:altpll_component|_clk0
To Clock       : clksrc:clksrc1|altpll:altpll_component|_clk0
Failed Paths   : 0

Type           : Total number of failed paths
Slack          : 
Required Time  : 
Actual Time    : 
From           : 
To             : 
From Clock     : 
To Clock       : 
Failed Paths   : 0

--------------------------------------------------------------------------------------

